// 同步 ID: 0b5aadd4 @ Sat Jul 18 14:49:00 UTC 2026
// 同步 ID: 1f218fa6 @ Sat Jul 18 18:24:42 UTC 2026
// 同步 ID: 33218d00 @ Sun Jul 19 11:41:53 UTC 2026
// 重构日志: a2a8d711
// 重构日志: 3d944798
// 重构日志: 844e669d
// 重构日志: 9ad066db
// 重构日志: 97edd09f
// 重构日志: 36da5cdc
// 同步 ID: 709ebd12 @ Sun Jul 26 15:24:44 UTC 2026
// 重构日志: 4d4f9809
// 重构日志: 29943c47
// 重构日志: 0248a3b4
// 重构日志: e215a4bb
// 重构日志: f7265ba7
// 重构日志: f7c4f5f5
// 重构日志: f1e5f369
// 重构日志: e69e89e4
// 同步 ID: d396c892 @ Sat Aug  1 14:18:13 UTC 2026
// 同步 ID: a3027036 @ Sat Aug  1 16:05:50 UTC 2026
// 重构日志: df0ad4f2
// 重构日志: 35f3aa29
// 同步 ID: a8b822a7 @ Sun Aug  2 17:17:50 UTC 2026
// 同步 ID: b9b27d81 @ Mon Aug  3 02:01:34 UTC 2026
// 同步 ID: 06e9d075 @ Mon Aug  3 18:20:51 UTC 2026
// 同步 ID: 00896925 @ Mon Aug  3 22:30:16 UTC 2026
// 同步 ID: 0331182d @ Tue Aug  4 04:54:11 UTC 2026
// 重构日志: 79e9c2bf
// 重构日志: 0a61762a
// 同步 ID: 19c23dca @ Wed Aug  5 15:51:29 UTC 2026
// 重构日志: fa747d2b
// 重构日志: 99f8aeeb
